[   0.0000 Iitiazi cgrupubysput
[  0000 Itilizi cou subs c
[   0000] nialzinggrp ubyspucct   0.000 Lin vrsn 4.4-6geeri (ild@l018)(gc rson 54.20609 butu 5.06uun1~6.4. )87-Uun SP i r 3 :205 U 27 (Ubuu .40-.8genec 4.4)
  0.0000] mmnd le:OO_IMA=/ot/vinz-.4-6-genicoot=AB=cudim-rtf ro onletty1 coolttyS
[  .00000 KNE suprt cpu
   0.00000] Itel nueItel[  0.000  AM AheicAM
[  0.00]  CenauCetaHas
[  00000 x/fpu:ste_ofet]: 576 xat_sizes]: 2
  0.00] x8/f: uppotig XSAE feur0x01'x floti pnt rgier'  0.0000x86/u:uppoti XAVE ate 0x2:SS regte'
[   00000]x8/f: Suppoti XAVE eaur0x04 'X egisters'
[    0.000000] x8fpu: Enable xstatfetures 0x7, conex szeis 82 te usingstdard fma.
  0.0000 x/fu: Uin 'zy' U ntexswchs.
  0.0000 e20 BIOS-povde pysicl M ap:[  0.000000] BIOS-e820: [mem 0x00000000000000x00000009ffusabe[  0.00000] OS-e820 [em 0x000000000009fc00-0x000000000009ffff] reserved
[    0.0000000] BIOS-e820: [mem 0x00000000000f0000-0x00000000000fffff] reserved
[    0.000000] BIOS-e820: [mem 0x0000000000100000-0x0000003ffeffff] usable
[    00000] IO-e0:[mem 0x00000fff00-0000003ffff ACI ta
[    0.000000 BOSe8: [mem 0x000000ec000-0x00000000fec00fff] reserved
[    0.000000] BIOS-e820: [mem 0x00000000fee00000-0x00000000fee00fff] reserved
[    0.000000] BIOS-e820: [mem 0x0000000fc000-0x00000ffffff] resserved
[    0.000000] NX (Execute Disable) proteio ative
[    0.000000] SMBIOS 2.5 present.
[    0.000000] Hypervisor detected: KVM
[    0.000000] e820: last_pfn = 0x3fff0 axarh_fn = 0x400000000
[    0.000000] MTRR: Disabled
[    0.000000] x86/AT MRRdisabled, skipping PAT initialization too.
[    0.000000] x86/PAT: Configuration [0-7]: WB  WT  UC- UC  WB  WT  UC- UC  
[    0.000000] CPU MTRRs all blank - virtualized system.
[   .0000] found SMP MP-table at [mem 0x0009fff0-0x0009ffff] mappd t ffff8800009fff0]
[    0.000000] Scanning 1 areas for low memory corruption
[    .000] AMDIK:me0x36ad80-x3753f]
[  .0000] API Elytablchckm verification disabled
[    0.000000] ACPI: RSDP 0x00000000000E0000 000024 (v02 VBOX  )
[    0.000000] ACPI: XSDT 0x000000003FFF0030 00003C (v01 VBOX   VBOXXSDT 00000001 ASL  00000061)
[    0.000000] ACPI: FACP 0x0000003FF0F 00F(v04 VOX  VXFCP 000001 ASL  00000061)
[    0.000000] ACPI: DSDT 0x000000003FFF0470 00210F (v01 VBOX   VBOXBIOS 000002 NT20008)[   0.0000ACPIFA 0x000000003FFF0200 000040
[    0.000000] ACPI: FACS 0x000000003FFF0200 0040
[   00000] CP: PI 0x000000003FF00 0005C (v02 VBOX   VBOXAPIC 00000001 ASL  00000061)
[    0.000000] ACPI: SSDT 0x000000003FFF02A0 0001CC (v01 VBOX   VBOXCPUT 00000002 INTL 20100528)
[    0.000000] No NUMA configuration found
[    0.000000] Faking a nod atme 00000000000000-x000003ffeff]    0.000000] NODE_DATA(0) allocated [mem 0x3ffeb000-0x3ffeffff]
[   00000] kvm-oc: ing mss b5d01 and 4640
[  .0000]vmclck cpu 0, msr 0:3ffe3001, primary cpu clock
[    0.0000kv-clo: usngscedofseof 3362527ycle
[  0.00000 cocource: kvm-clock: mask: 0xffffffffffffffff max_cycles: 0x1cd42dfb,ax_idle_s: 88159059483 
    0.000000] Zone ranges:
[    0.000000]   DMA      [mem 0x000000000000-0x0000000000ffffff]
[    0.000000]   DMA32    [mem 0x0000000001000000x0000003ffeffff]
[    0.000000]   Normal   empty
[    0.000000]   Device   empty
[    0.000000] Movable zone start for each node
[    0.000000] Early memory node ranges
[    0.000000]   node   0: [mem 0x0000000000001000-0x000000000009efff]
[    0.000000]   node   0: [mem 0x0000000000100000-0x000000003fefff
[    0.000000] Initmem setup node 0 [mem 00000000010000x000003ffeffff]
[    0.000000] ACPI: PM-Timer IO Port: 0x4008
[  00000] OAPIC[0]apc_id2,erion 2,adres xfec00000, GSI 0-23
[    0.000000] ACPI: INT_SRC_OVR (bus 0 bus_irq 0 global_irq 2df dl)
   0.000] CPI:INSR_OVR (bus  buir9 globl_rq hgh level)
[    0.000000] Using ACPI (MADT) for SMP configuration information
[    0.000000] smpboot: Allowing 2 CPUs, 0 hotplug CPUs
[    0.000000] PM: Registered nosave memory: [mem 0x00000000-0x00000fff]
[    0.000000] PM: Registerenove mmo: em 0x00000x0009ff
   0.0000]PM Registerednoav memory: [m x000000-00ffff]
[   0000] PM: Registered nosave memory: [mem 0x000f0000-0x000fffff]
[    0.000000] e820: [me 0400000-0fefff] aaibl fo P dices
[  00000] ooinparairalzed kene o KM
[  00000]losoure:efne-jifes msk: xfffffmax_ycs:0xffffff mx_idle_ns765519600211568 ns
[    0.0000] et_perpu N_CUS512 r_umk_bits:512 nrcpids:2 nr_node_ids:1
[    0.000000] PERCPU: Embedded 33 pge/cpu@ff803fc000 8264 r82 2812u1856[    0.00000PVspinckas tabe ntie: 56 (ode: , 096 bte
   0.000000] Built 1 zonelists in Node order, mobility grouping on.  Total page: 5713
[  00000] olicy zo: A32    .00000] Krn cmmand neBOT_IMGE/bt/vmliuz4..066generic root=LABEL=cloudimg-rootfs ro cnsle=ty consoe=yS
[   0000] PD shtable trs: 4096(order: 3, 32768 bytes)
[   .000] mory 1016K/10810Kavalable (8452Kerl co, 93 rwdta39K roda, 88 init, 1316K bss, 46344K reserved, 0K cma-reserved)
[    0.000000] SLUB: HWalign=64, Order=0-3, MinObjects=0, CPUs=2, Nodes=1
[    0.000000] Hierarchical RCU implementation.
[    0.000000] 	Build-time adjustment of leaf fanout to 64.
[    0.000000] 	RCU restricting CPUs from NR_CPUS=512 to nr_cpu_ids=2.
[  000000] RCU: Adjustin geomey for rcufaou_laf64, ncp_is=2
[   0.0000]NR_IRQS:33024 nr_irqs:440 16
[    0.000000] Console: colour VGA+ 80x25
[    0.000000] console [tty1] enabled
[    0.000000] console [ttyS0 eabed
[    0.000000] tsc: Detected 3408.002 MHz processor
[   12.933309] Calibrating delay loop (skipped) preset value.. 6816.00 BogoMIPS (lpj=13632008)
[   12.941912] pid_max: default: 32768 minimum: 301
[   12.964937] ACPI: Core revision 20150930
[   12.993959] ACPI: 2 ACPI AML tables successfully acquired and loaded
[   13.049423] Security Framework initialized
[   13.050453] Yama: becoming mindful.
[   13.051336] AppArmor: AppArmor initialized
[   13.052337] Dentry cache hash table entries: 131072 (order: 8, 1048576 bytes)
[   13.070138] Inode-cache hash table entries: 65536 (order: 7, 524288 bytes)
[   13.114172] Mount-cache hash table entries: 2048 (order: 2, 16384 bytes)
[   13.209405] Mountpoint-cache hash table entries: 2048 (order: 2, 16384 bytes)
[   13.253366] Initializing cgroup subsys io
[   13.274407] Initializing cgroup subsys memory
[   13.324987] Initializing cgroup subsys devices
[   13.361183] Initializing cgroup subsys freezer
[   13.361860] Initializing cgroup subsys net_cls
[   13.362539] Initializing cgroup subsys perf_event
[   13.401032] Initializing cgroup subsys net_prio
[   13.401916] Initializing cgroup subsys hugetlb
[   13.402735] Initializing cgroup subsys pids
[   13.403409] CPU: Physical Processor ID: 0
[   13.405424] CPU: Processor Core ID: 0
[   13.407351] mce: CPU supports 0 MCE banks
[   13.408170] Last level iTLB entries: 4KB 64, 2MB 8, 4MB 8
[   13.409254] Last level dTLB entries: 4KB 64, 2MB 0, 4MB 0, 1GB 4
[   13.412399] Freeing SMP alternatives memory: 32K (ffffffff820b9000 - ffffffff820c1000)
[   13.438732] ftrace: allocating 32123 entries in 126 pages
[   13.547718] smpboot: APIC(0) Converting physical 0 to logical package 0
[   13.601199] smpboot: Max logical packages: 1
[   13.602565] x2apic enabled
[   13.627267] Switched APIC routing to physical x2apic.
[   13.667488] ..TIMER: vector=0x30 apic1=0 pin1=2 apic2=-1 pin2=-1
[   13.856650] smpboot: CPU0: Intel(R) Core(TM) i7-6700 CPU @ 3.40GHz (family: 0x6, model: 0x5e, stepping: 0x3)
[   13.937423] Performance Events: unsupported p6 CPU model 94 no PMU driver, software events only.
[   14.037962] KVM setup paravirtual spinlock
[   14.045734] x86: Booting SMP configuration:
[   14.067065] .... node  #0, CPUs:      #1
[   14.074334] kvm-clock: cpu 1, msr 0:3ffe3041, secondary cpu clock
[   14.089596] mce: CPU supports 0 MCE banks
[   14.092126] x86: Booted up 1 node, 2 CPUs
[   14.094449] smpboot: Total of 2 processors activated (13632.00 BogoMIPS)
[   14.097283] devtmpfs: initialized
[   14.098933] evm: security.selinux
[   14.102460] evm: security.SMACK64
[   14.103126] evm: security.SMACK64EXEC
[   14.106177] evm: security.SMACK64TRANSMUTE
[   14.106870] evm: security.SMACK64MMAP
[   14.118376] evm: security.ima
[   14.133050] evm: security.capability
[   14.133867] clocksource: jiffies: mask: 0xffffffff max_cycles: 0xffffffff, max_idle_ns: 7645041785100000 ns
[   14.145445] pinctrl core: initialized pinctrl subsystem
[   14.161764] RTC time:  8:37:02, date: 03/22/17
[   14.169318] NET: Registered protocol family 16
[   14.189631] cpuidle: using governor ladder
[   14.217106] cpuidle: using governor menu
[   14.239071] PCCT header not found.
[   14.239648] ACPI: bus type PCI registered
[   14.240254] acpiphp: ACPI Hot Plug PCI Controller Driver version: 0.5
[   14.241375] PCI: Using configuration type 1 for base access
[   14.253872] ACPI: Added _OSI(Module Device)
[   14.324921] ACPI: Added _OSI(Processor Device)
[   14.325615] ACPI: Added _OSI(3.0 _SCP Extensions)
[   14.326251] ACPI: Added _OSI(Processor Aggregator Device)
[   14.347469] ACPI: Executed 1 blocks of module-level executable AML code
[   14.430942] ACPI: Interpreter enabled
[   14.432813] ACPI: (supports S0 S5)
[   14.458428] ACPI: Using IOAPIC for interrupt routing
[   14.477219] PCI: Using host bridge windows from ACPI; if necessary, use "pci=nocrs" and report a bug
[   14.505662] ACPI: PCI Root Bridge [PCI0] (domain 0000 [bus 00-ff])
[   14.509353] acpi PNP0A03:00: _OSC: OS supports [ASPM ClockPM Segments MSI]
[   14.521463] acpi PNP0A03:00: _OSC failed (AE_NOT_FOUND); disabling ASPM
[   14.522452] acpi PNP0A03:00: fail to add MMCONFIG information, can't access extended PCI configuration space under this bridge.
[   14.528322] PCI host bridge to bus 0000:00
[   14.534373] pci_bus 0000:00: root bus resource [io  0x0000-0x0cf7 window]
[   14.563286] pci_bus 0000:00: root bus resource [io  0x0d00-0xffff window]
[   14.650463] pci_bus 0000:00: root bus resource [mem 0x000a0000-0x000bffff window]
[   14.697982] pci_bus 0000:00: root bus resource [mem 0x40000000-0xffdfffff window]
[   14.726995] pci_bus 0000:00: root bus resource [bus 00-ff]
[   14.738830] pci 0000:00:01.1: legacy IDE quirk: reg 0x10: [io  0x01f0-0x01f7]
[   14.747371] pci 0000:00:01.1: legacy IDE quirk: reg 0x14: [io  0x03f6]
[   14.834418] pci 0000:00:01.1: legacy IDE quirk: reg 0x18: [io  0x0170-0x0177]
[   14.841454] pci 0000:00:01.1: legacy IDE quirk: reg 0x1c: [io  0x0376]
[   14.853155] pci 0000:00:07.0: quirk: [io  0x4000-0x403f] claimed by PIIX4 ACPI
[   14.925949] pci 0000:00:07.0: quirk: [io  0x4100-0x410f] claimed by PIIX4 SMB
[   14.958563] ACPI: PCI Interrupt Link [LNKA] (IRQs 5 9 10 *11)
[   14.974032] ACPI: PCI Interrupt Link [LNKB] (IRQs 5 9 10 *11)
[   14.984093] ACPI: PCI Interrupt Link [LNKC] (IRQs 5 9 *10 11)
[   15.011658] ACPI: PCI Interrupt Link [LNKD] (IRQs 5 *9 10 11)
[   15.017730] ACPI: Enabled 2 GPEs in block 00 to 07
[   15.019200] vgaarb: setting as boot device: PCI:0000:00:02.0
[   15.101550] vgaarb: device added: PCI:0000:00:02.0,decodes=io+mem,owns=io+mem,locks=none
[   15.110191] vgaarb: loaded
[   15.110650] vgaarb: bridge control possible 0000:00:02.0
[   15.111551] SCSI subsystem initialized
[   15.119862] ACPI: bus type USB registered
[   15.175023] usbcore: registered new interface driver usbfs
[   15.195364] usbcore: registered new interface driver hub
[   15.203402] usbcore: registered new device driver usb
[   15.206029] PCI: Using ACPI for IRQ routing
[   15.219863] NetLabel: Initializing
[   15.276995] NetLabel:  domain hash size = 128
[   15.324028] NetLabel:  protocols = UNLABELED CIPSOv4
[   15.341451] NetLabel:  unlabeled traffic allowed by default
[   15.349913] amd_nb: Cannot enumerate AMD northbridges
[   15.350601] clocksource: Switched to clocksource kvm-clock
[   .358 AArr:AppArorilysm abd   15.899742] pnp: PnP ACPI init
[  5.4684 p: P PIfod dece

[   16.427904] clocksource: acpi_pm: mask: 0xffffff max_cycles: 0xffffff, max_idle_ns: 2085701024 ns
[   16.454879] NET: Registered protocol family 2
[   16.464035] TCP established hash table entries: 8192 (order: 4, 65536 bytes)
[   16.464918] TCP bind hash table entries: 8192 (order: 5, 131072 bytes)
[   16.493008] TCP: Hash tables configured (established 8192 bind 8192)
[   16.502094] UDP hash table entries: 512 (order: 2, 16384 bytes)
[   16.503173] UDP-Lite hash table entries: 512 (order: 2, 16384 bytes)
[   16.513600] NET: Registered protocol family 1
[   16.514422] pci 0000:00:00.0: Limiting direct PCI/PCI transfers
[   16.530364] pci 0000:00:01.0: Activating ISA DMA hang workarounds
[   16.532260] Trying to unpack rootfs image as initramfs...
[   18.014240] Freeing initrd memory: 10800K (ffff880036ad8000 - ffff880037564000)
[   18.040998] platform rtc_cmos: registered platform RTC device (no PNP device found)
[   18.043684] Scanning for low memory corruption every 60 seconds
[   18.066684] futex hash table entries: 512 (order: 3, 32768 bytes)
[   18.072237] audit: initializing netlink subsys (disabled)
[   18.072957] audit: type=2000 audit(1490171816.023:1): initialized
[   18.080863] Initialise system trusted keyring
[   18.081682] HugeTLB registered 2 MB page size, pre-allocated 0 pages
[   18.084644] zbud: loaded
[   18.085315] VFS: Disk quotas dquot_6.6.0
[   18.093184] VFS: Dquot-cache hash table entries: 512 (order 0, 4096 bytes)
[   18.094347] squashfs: version 4.0 (2009/01/31) Phillip Lougher
[   18.097012] fuse init (API version 7.23)
[   18.097715] Key type big_key registered
[   18.098296] Allocating IMA MOK and blacklist keyrings.
[   18.110277] Key type asymmetric registered
[   18.112213] Asymmetric key parser 'x509' registered
[   18.114495] Block layer SCSI generic (bsg) driver version 0.4 loaded (major 249)
[   18.115977] io scheduler noop registered
[   18.129163] io scheduler deadline registered (default)
[   18.130065] io scheduler cfq registered
[   18.130721] pci_hotplug: PCI Hot Plug PCI Core version: 0.5
[   18.131547] pciehp: PCI Express Hot Plug Controller Driver version: 0.4
[   18.132491] ACPI: AC Adapter [AC] (on-line)
[   18.144234] input: Power Button as /devices/LNXSYSTM:00/LNXPWRBN:00/input/input0
[   18.156367] ACPI: Power Button [PWRF]
[   18.161253] input: Sleep Button as /devices/LNXSYSTM:00/LNXSLPBN:00/input/input1
[   18.168721] ACPI: Sleep Button [SLPF]
[   18.170997] GHES: HEST is not enabled!
[   18.177691] Serial: 8250/16550 driver, 32 ports, IRQ sharing enabled
[   18.204430] 00:02: ttyS0 at I/O 0x3f8 (irq = 4, base_baud = 115200) is a 16550A
[   18.216811] Linux agpgart interface v0.103
[   18.227007] brd: module loaded
[   18.232468] loop: module loaded
[   18.236457] scsi host0: ata_piix
[   18.239472] scsi host1: ata_piix
[   18.240123] ata1: PATA max UDMA/33 cmd 0x1f0 ctl 0x3f6 bmdma 0xd000 irq 14
[   18.244024] ata2: PATA max UDMA/33 cmd 0x170 ctl 0x376 bmdma 0xd008 irq 15
[   18.261188] libphy: Fixed MDIO Bus: probed
[   18.273927] tun: Universal TUN/TAP device driver, 1.6
[   18.274667] tun: (C) 1999-2004 Max Krasnyansky <maxk@qualcomm.com>
[   18.286168] PPP generic driver version 2.4.2
[   18.288608] ehci_hcd: USB 2.0 'Enhanced' Host Controller (EHCI) Driver
[   18.291675] ehci-pci: EHCI PCI platform driver
[   18.292527] ehci-platform: EHCI generic platform driver
[   18.293481] ohci_hcd: USB 1.1 'Open' Host Controller (OHCI) Driver
[   18.295877] ohci-pci: OHCI PCI platform driver
[   18.305080] ohci-platform: OHCI generic platform driver
[   18.305911] uhci_hcd: USB Universal Host Controller Interface driver
[   18.306965] i8042: PNP: PS/2 Controller [PNP0303:PS2K,PNP0f03:PS2M] at 0x60,0x64 irq 1,12
[   18.308637] serio: i8042 KBD port at 0x60,0x64 irq 1
[   18.309376] serio: i8042 AUX port at 0x60,0x64 irq 12
[   18.315307] mousedev: PS/2 mouse device common for all mice
[   18.316526] rtc_cmos rtc_cmos: rtc core: registered rtc_cmos as rtc0
[   18.316539] input: AT Translated Set 2 keyboard as /devices/platform/i8042/serio0/input/input2
[   18.319845] rtc_cmos rtc_cmos: alarms up to one day, 114 bytes nvram
[   18.335675] i2c /dev entries driver
[   18.3333 dicmape uvent: verio1.3
[   18.774134] device-mapper: ioctl: 4.34.0-ioctl (2015-10-28) initialised: dm-devel@redhat.com
[   18.784296] ledtrig-cpu: registered to indicate activity on CPUs
[   18.793625] NET: Registered protocol family 10
[   18.804868] NET: Registered protocol family 17
[   18.805621] Key type dns_resolver registered
[   18.806481] microcode: CPU0 sig=0x506e3, pf=0x2, revision=0x0
[   18.816250] microcode: CPU1 sig=0x506e3, pf=0x2, revision=0x0
[   18.831884] microcode: Microcode Update Driver: v2.01 <tigran@aivazian.fsnet.co.uk>, Peter Oruba
[   18.900256] registered taskstats version 1
[   18.900854] Loading compiled-in X.509 certificates
[   18.903607] Loaded X.509 cert 'Build time autogenerated kernel key: 32ca4feee90b5cde51f5f8c0e024b22f8c679982'
[   18.955011] zswap: loaded using pool lzo/zbud
[   18.957046] Key type trusted registered
[   18.966861] Key type encrypted registered
[   18.973206] AppArmor: AppArmor sha1 policy hashing enabled
[   18.977065] ima: No TPM chip found, activating TPM-bypass!
[   18.981475] evm: HMAC attrs: 0x1
[   19.003219]   Magic number: 9:63:625
[   19.024474] rtc_cmos rtc_cmos: setting system clock to 2017-03-22 08:37:07 UTC (1490171827)
[   19.025747] BIOS EDD facility v0.16 2004-Jun-25, 0 devices found
[   19.026617] EDD information not available.
[   19.039134] tsc: Refined TSC clocksource calibration: 3408.535 MHz
[   19.039135] clocksource: tsc: mask: 0xffffffffffffffff max_cycles: 0x3121cd616ca, max_idle_ns: 440795218443 ns
[   19.068642] Freeing unused kernel memory: 1488K (ffffffff81f45000 - ffffffff820b9000)
[   19.143268] Write protecting the kernel read-only data: 14336k
[   19.154088] Freeing unused kernel memory: 1776K (ffff880001844000 - ffff880001a00000)
[   19.155888] Freeing unused kernel memory: 116K (ffff880001de3000 - ffff880001e00000)
Loading, please wait...
starting version[   19.165342] random: systemd-udevd: uninitialized urandom read (16 bytes read, 3 bits of entropy available)
 229
[   19.165970] random: udevadm: uninitialized urandom read (16 bytes read, 3 bits of entropy available)
[   19.166003] random: udevadm: uninitialized urandom read (16 bytes read, 3 bits of entropy available)
[   19.166156] random: udevadm: uninitialized urandom read (16 bytes read, 3 bits of entropy available)
[   19.166193] random: udevadm: uninitialized urandom read (16 bytes read, 3 bits of entropy available)
[   19.166231] random: udevadm: uninitialized urandom read (16 bytes read, 3 bits of entropy available)
[   19.166268] random: udevadm: uninitialized urandom read (16 bytes read, 3 bits of entropy available)
[   19.166331] random: udevadm: uninitialized urandom read (16 bytes read, 3 bits of entropy available)
[   19.166379] random: udevadm: uninitialized urandom read (16 bytes read, 3 bits of entropy available)
[   19.166428] random: udevadm: uninitialized urandom read (16 bytes read, 3 bits of entropy available)
[   19.372228] Fusion MPT base driver 3.04.20
[   19.385644] Copyright (c) 1999-2008 LSI Corporation
[   19.406153] Fusion MPT SPI Host driver 3.04.20
[   19.418860] mptbase: ioc0: Initiating bringup
[   19.432089] AVX version of gcm_enc/dec engaged.
[   19.437806] e1000: Intel(R) PRO/1000 Network Driver - version 7.3.21-k8-NAPI
[   19.437807] e1000: Copyright (c) 1999-2006 Intel Corporation.
[   19.479470] AES CTR mode by8 optimization enabled
[   19.487278] ioc0: LSI53C1030 A0: Capabilities={Initiator}
[   19.606620] input: ImExPS/2 Generic Explorer Mouse as /devices/platform/i8042/serio1/input/input4
[   19.672336] scsi host2: ioc0: LSI53C1030 A0, FwRev=00000000h, Ports=1, MaxQ=256, IRQ=20
[   20.628151] scsi 2:0:0:0: Direct-Access     VBOX     HARDDISK         1.0  PQ: 0 ANSI: 5
[   20.658706] scsi target2:0:0: Beginning Domain Validation
[   20.699477] scsi target2:0:0: Domain Validation skipping write tests
[   20.725981] scsi target2:0:0: Ending Domain Validation
[   20.737583] scsi target2:0:0: asynchronous
[   20.766787] scsi 2:0:1:0: Direct-Access     VBOX     HARDDISK         1.0  PQ: 0 ANSI: 5
[   20.767971] scsi target2:0:1: Beginning Domain Validation
[   20.774619] scsi target2:0:1: Domain Validation skipping write tests
[   20.796684] scsi target2:0:1: Ending Domain Validation
[   20.808910] scsi target2:0:1: asynchronous
[   20.909077] sd 2:0:0:0: Attached scsi generic sg0 type 0
[   20.917488] sd 2:0:0:0: [sda] 20971520 512-byte logical blocks: (10.7 GB/10.0 GiB)
[   20.936269] sd 2:0:1:0: [sdb] 20480 512-byte logical blocks: (10.5 MB/10.0 MiB)
[   20.953701] sd 2:0:1:0: Attached scsi generic sg1 type 0
[   20.954855] sd 2:0:0:0: [sda] Write Protect is off
[   20.955608] sd 2:0:1:0: [sdb] Write Protect is off
[   20.977915] sd 2:0:0:0: [sda] Incomplete mode parameter data
[   21.022929] e1000 0000:00:03.0 eth0: (PCI:33MHz:32-bit) 02:0a:90:ed:0d:4f
[   21.022933] e1000 0000:00:03.0 eth0: Intel(R) PRO/1000 Network Connection
[   21.031493] e1000 0000:00:03.0 enp0s3: renamed from eth0
[   21.033399] sd 2:0:1:0: [sdb] Incomplete mode parameter data
[   21.033400] sd 2:0:1:0: [sdb] Assuming drive cache: write through
[   21.048905] sd 2:0:0:0: [sda] Assuming drive cache: write through
[   21.081358]  sda: sda1
[   21.096905] sd 2:0:0:0: [sda] Attached SCSI disk
[   21.163157] sd 2:0:1:0: [sdb] Attached SCSI disk
[   22.443120] floppy0: no floppy controllers found
Begin: Loading e[   23.768404] md: linear personality registered for level -1
ssential drivers ... [   23.786864] md: multipath personality registered for level -4
[   23.797787] md: raid0 personality registered for level 0
[   23.806346] md: raid1 personality registered for level 1
[   23.882625] raid6: sse2x1   gen()  9516 MB/s
[   23.954615] raid6: sse2x1   xor()  5926 MB/s
[   24.035088] raid6: sse2x2   gen() 11529 MB/s
[   24.106611] raid6: sse2x2   xor()  7627 MB/s
[   24.182621] raid6: sse2x4   gen() 12700 MB/s
[   24.283103] raid6: sse2x4   xor()  8491 MB/s
[   24.311247] raid6: using algorithm sse2x4 gen() 12700 MB/s
[   24.312109] raid6: .... xor() 8491 MB/s, rmw enabled
[   24.346967] raid6: using ssse3x2 recovery algorithm
[   24.348604] xor: automatically using best checksumming function:
[   24.391096]    avx       : 20879.000 MB/sec
[   24.432901] async_tx: api initialized (async)
[   24.439415] md: raid6 personality registered for level 6
[   24.448747] md: raid5 personality registered for level 5
[   24.449465] md: raid4 personality registered for level 4
[   24.453835] md: raid10 personality registered for level 10
done.
Begin: Running /scripts/init-premount ... done.
Begin: Mounting root file system ... Begin: Running /scripts/local-top ... done.
Begin: Running /scripts/local-premount ... [   24.482944] Btrfs loaded
Scanning for Btrfs filesystems
done.
Warning: fsck no[   24.529142] EXT4-fs (sda1): mounted filesystem with ordered data mode. Opts: (null)
t present, so skipping root file system
done.
Begin: Running /scripts/local-bottom ... done.
Begin: Running /scripts/init-bottom ... done.
[   24.657981] systemd[1]: systemd 229 running in system mode. (+PAM +AUDIT +SELINUX +IMA +APPARMOR +SMACK +SYSVINIT +UTMP +LIBCRYPTSETUP +GCRYPT +GNUTLS +ACL +XZ -LZ4 +SECCOMP +BLKID +ELFUTILS +KMOD -IDN)
[   24.685404] systemd[1]: Detected virtualization oracle.
[   24.686370] systemd[1]: Detected architecture x86-64.

Welcome to [1mUbuntu 16.04.2 LTS[0m!

[   24.699434] systemd[1]: Set hostname to <ubuntu>.
[   24.702332] systemd[1]: Initializing machine ID from random generator.
[   24.704772] systemd[1]: Installed transient /etc/machine-id file.
[   24.796872] systemd[1]: Set up automount Arbitrary Executable File Formats File System Automount Point.
[[0;32m  OK  [0m] Set up automount Arbitrary Executab...ats File System Automount Point.
[   24.831480] systemd[1]: Created slice System Slice.
[[0;32m  OK  [0m] Created slice System Slice.
[   24.876871] systemd[1]: Listening on /dev/initctl Compatibility Named Pipe.
[[0;32m  OK  [0m] Listening on /dev/initctl Compatibility Named Pipe.
[   24.927401] systemd[1]: Listening on Journal Socket.
[[0;32m  OK  [0m] Listening on Journal Socket.
[   24.951186] systemd[1]: Starting Load Kernel Modules...
[   24.959530] Loading iSCSI transport class v2.0-870.
         Starting Load Kernel Modules...
[   24.966103] systemd[1]: Starting Create list of required static device nodes for the current kernel...
[   24.993734] iscsi: registered transport (tcp)
         Starting Create list of required[   25.039543] iscsi: registered transport (iser)
 st... nodes for the current kernel...
[   25.058756] systemd[1]: Reached target Swap.
[[0;32m  OK  [0m] Reached target Swap.
[   25.086699] systemd[1]: Starting Nameserver information manager...
         Starting Nameserver information manager...
[   25.100088] systemd[1]: Starting Remount Root and Kernel File Systems...
[   25.103094] EXT4-fs (sda1): re-mounted. Opts: (null)
         Starting Remount Root and Kernel File Systems...
[   25.126395] systemd[1]: Listening on LVM2 poll daemon socket.
[[0;32m  OK  [0m] Listening on LVM2 poll daemon socket.
[   25.154771] systemd[1]: Starting Set console keymap...
         Starting Set console keymap...
[   25.164730] systemd[1]: Created slice User and Session Slice.
[[0;32m  OK  [0m] Created slice User and Session Slice.
[   25.178503] systemd[1]: Reached target Slices.
[[0;32m  OK  [0m] Reached target Slices.
[   25.181538] systemd[1]: Listening on udev Control Socket.
[[0;32m  OK  [0m] Listening on udev Control Socket.
[   25.195252] systemd[1]: Listening on udev Kernel Socket.
[[0;32m  OK  [0m] Listening on udev Kernel Socket.
[   25.203681] systemd[1]: Reached target Encrypted Volumes.
[[0;32m  OK  [0m] Reached target Encrypted Volumes.
[   25.214291] systemd[1]: Reached target User and Group Name Lookups.
[[0;32m  OK  [0m] Reached target User and Group Name Lookups.
[   25.217623] systemd[1]: Listening on Syslog Socket.
[[0;32m  OK  [0m] Listening on Syslog Socket.
[   25.242364] systemd[1]: Listening on Journal Audit Socket.
[[0;32m  OK  [0m] Listening on Journal Audit Socket.
[   25.299298] systemd[1]: Started Forward Password Requests to Wall Directory Watch.
[[0;32m  OK  [0m] Started Forward Password Requests to Wall Directory Watch.
[   25.315285] systemd[1]: Listening on Device-mapper event daemon FIFOs.
[[0;32m  OK  [0m] Listening on Device-mapper event daemon FIFOs.
[   25.403220] systemd[1]: Mounting POSIX Message Queue File System...
         Mounting POSIX Message Queue File System...
[   25.463488] systemd[1]: Mounting Huge Pages File System...
         Mounting Huge Pages File System...
[   25.521465] systemd[1]: Listening on LVM2 metadata daemon socket.
[[0;32m  OK  [0m] Listening on LVM2 metadata daemon socket.
[   25.562768] systemd[1]: Starting Uncomplicated firewall...
         Starting Uncomplicated firewall...
[   25.603249] systemd[1]: Starting Monitoring of LVM2 mirrors, snapshots etc. using dmeventd or progress polling...
[   25.604627] random: nonblocking pool is initialized
         Starting Monitoring of LVM2 mirrors... dmeventd or progress polling...
[   25.638649] systemd[1]: Listening on Journal Socket (/dev/log).
[[0;32m  OK  [0m] Listening on Journal Socket (/dev/log).
[   25.660888] systemd[1]: Starting Journal Service...
         Starting Journal Service...
[   25.670361] systemd[1]: Mounting Debug File System...
         Mounting Debug File System...
[   25.683947] systemd[1]: Created slice system-serial\x2dgetty.slice.
[[0;32m  OK  [0m] Created slice system-serial\x2dgetty.slice.
[   25.689862] systemd[1]: Mounted POSIX Message Queue File System.
[[0;32m  OK  [0m] Mounted POSIX Message Queue File System.
[   25.701534] systemd[1]: Mounted Debug File System.
[[0;32m  OK  [0m] Mounted Debug File System.
[   25.712915] systemd[1]: Mounted Huge Pages File System.
[[0;32m  OK  [0m] Mounted Huge Pages File System.
[   25.718571] systemd[1]: Started Journal Service.
[[0;32m  OK  [0m] Started Journal Service.
[[0;32m  OK  [0m] Started Load Kernel Modules.
[[0;32m  OK  [0m] Started Create list of required sta...ce nodes for the current kernel.
[[0;32m  OK  [0m] Started Remount Root and Kernel File Systems.
[[0;32m  OK  [0m] Started Set console keymap.
[[0;32m  OK  [0m] Started Uncomplicated firewall.
[[0;32m  OK  [0m] Started Nameserver information manager.
[[0;32m  OK  [0m] Started LVM2 metadata daemon.
         Starting Initial cloud-init job (pre-networking)...
         Starting udev Coldplug all Devices...
         Starting Load/Save Random Seed...
         Starting Create Static Device Nodes in /dev...
         Mounting FUSE Control File System...
         Starting Apply Kernel Variables...
         Starting Flush Journal to Persistent Storage...
[[0;32m  OK  [0m] Mounted FUSE Control File System.
[[0;32m  OK  [0m] Started Load/Save Random Seed.
[[0;32m  OK  [0m] Started Apply Kernel Variables.
[[0;32m  OK  [0m] Started udev Coldplug all Devices.
[[0;32m  OK  [0m] Started Flush Journal to Persistent Storage.
[[0;32m  OK  [0m] Started Monitoring of LVM2 mirrors,...ng dmeventd or progress polling.
[[0;32m  OK  [0m] Started Create Static Device Nodes in /dev.
         Starting udev Kernel Device Manager...
[[0;32m  OK  [0m] Started udev Kernel Device Manager.
[[0;32m  OK  [0m] Started Dispatch Password Requests to Console Directory Watch.
[[0;32m  OK  [0m] Reached target Local File Systems (Pre).
[[0;32m  OK  [0m] Reached target Local File Systems.
         Starting Create Volatile Files and Directories...
         Starting LSB: AppArmor initialization...
         Starting Tell Plymouth To Write Out Runtime Data...
         Starting Set console font and keymap...
         Starting Commit a transient machine-id on disk...
[[0;32m  OK  [0m] Started Create Volatile Files and Directories.
[[0;32m  OK  [0m] Started Tell Plymouth To Write Out Runtime Data.
         Starting Update UTMP about System Boot/Shutdown...
[[0;32m  OK  [0m] Reached target System Time Synchronized.
[[0;32m  OK  [0m] Started Commit a transient machine-id on disk.
[[0;32m  OK  [0m] Started Update UTMP about System Boot/Shutdown.
[[0;32m  OK  [0m] Found device /dev/ttyS0.
[   42.560968] cloud-init[465]: Cloud-init v. 0.7.9 running 'init-local' at Wed, 22 Mar 2017 08:37:14 +0000. Up 11.31 seconds.
[[0;32m  OK  [0m] Found device 82540EM Gigabit Ethern...r (PRO/1000 MT Desktop Adapter).
[[0;32m  OK  [0m] Started Initial cloud-init job (pre-networking).
[[0;32m  OK  [0m] Reached target Network (Pre).
[[0;32m  OK  [0m] Listening on Load/Save RF Kill Switch Status /dev/rfkill Watch.
[[0;32m  OK  [0m] Started LSB: AppArmor initialization.
[[0;32m  OK  [0m] Started ifup for enp0s3.
         Starting Raise network interfaces...
[[0;32m  OK  [0m] Started Set console font and keymap.
[[0;32m  OK  [0m] Created slice system-getty.slice.
[[0;32m  OK  [0m] Started Raise network interfaces.
[[0;32m  OK  [0m] Reached target Network.
         Starting Initial cloud-init job (metadata service crawler)...
[   46.295223] cloud-init[1052]: Cloud-init v. 0.7.9 running 'init' at Wed, 22 Mar 2017 08:37:49 +0000. Up 45.79 seconds.
[   46.364806] cloud-init[1052]: ci-info: ++++++++++++++++++++++++++++++++++++Net device info+++++++++++++++++++++++++++++++++++++
[   46.364972] cloud-init[1052]: ci-info: +--------+------+--------------------------+---------------+-------+-------------------+
[[0;32m  OK  [0m] Started Initial cloud-init job (metadata service crawler).
[   46.365087] cloud-init[1052]: ci-info: | Device |  Up  |         Address          |      Mask     | Scope |     Hw-Address    |
[   46.576709] cloud-init[1052]: ci-info: +--------+------+--------------------------+---------------+-------+-------------------+
[   46.576882] cloud-init[1052]: ci-info: | enp0s3 | True |        10.0.2.15         | 255.255.255.0 |   .   | 02:0a:90:ed:0d:4f |
[[0;32m  OK  [0m] Reached target Network is Online.
[   46.577006] cloud-init[1052]: ci-info: | enp0s3 | True | fe80::a:90ff:feed:d4f/64 |       .       |  link | 02:0a:90:ed:0d:4f |
[   46.888734] cloud-init[1052]: ci-info: |   lo   | True |        127.0.0.1         |   255.0.0.0   |   .   |         .         |
[   46.889343] cloud-init[1052]: ci-info: |   lo   | True |         ::1/128          |       .       |  host |         .         |
         Starting iSCSI initiator daemon (iscsid)...
[[   46.889410] cloud-init[1052]: ci-info: +--------+------+--------------------------+---------------+-------+-------------------+
[   47.081028] cloud-init[1052]: ci-info: +++++++++++++++++++++++++++Route IPv4 info++++++++++++++++++++++++++++
[0;32m  OK  [0m] Reached target Cloud-config availability.
[[   47.081103] cloud-init[1052]: ci-info: +-------+-------------+----------+---------------+-----------+-------+
[   47.381043] cloud-init[1052]: ci-info: | Route | Destination | Gateway  |    Genmask    | Interface | Flags |
[   47.381154] cloud-init[1052]: ci-info: +-------+-------------+----------+---------------+-----------+-------+
[   47.381293] cloud-init[1052]: ci-info: |   0   |   0.0.0.0   | 10.0.2.2 |    0.0.0.0    |   enp0s3  |   UG  |
[   47.381455] cloud-init[1052]: ci-info: |   1   |   10.0.2.0  | 0.0.0.0  | 255.255.255.0 |   enp0s3  |   U   |
[   47.381584] cloud-init[1052]: ci-info: +-------+-------------+----------+---------------+-----------+-------+
[   47.381731] cloud-init[1052]: Generating public/private rsa key pair.
[   47.381868] cloud-init[1052]: Your identification has been saved in /etc/ssh/ssh_host_rsa_key.
[   47.382019] cloud-init[1052]: Your public key has been saved in /etc/ssh/ssh_host_rsa_key.pub.
[   47.382158] cloud-init[1052]: The key fingerprint is:
[   47.382299] cloud-init[1052]: SHA256:favuQQuJD8rng+UQa3PbOYSz59+9TpnBHRQWC7xzQ7o root@ubuntu-xenial
[   47.382501] cloud-init[1052]: The key's randomart image is:
[   47.382631] cloud-init[1052]: +---[RSA 2048]----+
[   47.382774] cloud-init[1052]: |            .. =o|
[   47.382921] cloud-init[1052]: |             .+..|
[   47.383069] cloud-init[1052]: |              +o |
[   47.383208] cloud-init[1052]: |    .  . o   = +.|
[   47.383351] cloud-init[1052]: |     oo.S o . * o|
[   47.383511] cloud-init[1052]: |   .=.=o.o o E + |
[   47.383648] cloud-init[1052]: |   .oB.*..o . +  |
[   47.383790] cloud-init[1052]: |    .o= =  + o   |
[   47.383956] cloud-init[1052]: |      .+.== ..+. |
[   47.384239] cloud-init[1052]: +----[SHA256]-----+
[   47.384545] cloud-init[1052]: Generating public/private dsa key pair.
[   47.384678] cloud-init[1052]: Your identification has been saved in /etc/ssh/ssh_host_dsa_key.
[   47.384817] cloud-init[1052]: Your public key has been saved in /etc/ssh/ssh_host_dsa_key.pub.
[   47.385113] cloud-init[1052]: The key fingerprint is:
[   47.385252] cloud-init[1052]: SHA256:fMRFpaRsr2zZoDVeTyf/NvqTw2jjUEWJsekFkym6F6s root@ubuntu-xenial
[   47.385396] cloud-init[1052]: The key's randomart image is:
[   47.385552] cloud-init[1052]: +---[DSA 1024]----+
[   47.385690] cloud-init[1052]: |           .+=*..|
[   47.385835] cloud-init[1052]: |         o = =*. |
[   47.385988] cloud-init[1052]: |          B oo o |
[   47.386126] cloud-init[1052]: |       . + o. o  |
[   47.386269] cloud-init[1052]: |        S * =oo .|
[   47.386413] cloud-init[1052]: |         B X.o + |
[   47.386566] cloud-init[1052]: |        . O.. + o|
[   47.386702] cloud-init[1052]: |         E  .+ *o|
[   47.386847] cloud-init[1052]: |            oo+o=|
[   47.386999] cloud-init[1052]: +----[SHA256]-----+
[   47.387136] cloud-init[1052]: Generating public/private ecdsa key pair.
[   47.387281] cloud-init[1052]: Your identification has been saved in /etc/ssh/ssh_host_ecdsa_key.
[   47.387423] cloud-init[1052]: Your public key has been saved in /etc/ssh/ssh_host_ecdsa_key.pub.
[   47.387611] cloud-init[1052]: The key fingerprint is:
[   47.387744] cloud-init[1052]: SHA256:BfXu6n2+LUc8S3KozkvDvzrkmq9JrOu8+bBsPUHMUJU root@ubuntu-xenial
[   47.387886] cloud-init[1052]: The key's randomart image is:
[   47.388185] cloud-init[1052]: +---[ECDSA 256]---+
[   47.388324] cloud-init[1052]: |        ooo..    |
[   47.388480] cloud-init[1052]: |       . . E     |
[   47.388616] cloud-init[1052]: |        + . .    |
[   47.388759] cloud-init[1052]: |         = .     |
[   47.388902] cloud-init[1052]: |        S   . .. |
[   47.389054] cloud-init[1052]: |        ...o o +o|
[   47.389190] cloud-init[1052]: |       ..o++o +.o|
[   47.389334] cloud-init[1052]: |      o.*o=*o oo.|
[   47.389487] cloud-init[1052]: |      oX+BO*==++.|
[   47.389621] cloud-init[1052]: +----[SHA256]-----+
[   47.389766] cloud-init[1052]: Generating public/private ed25519 key pair.
[   47.389909] cloud-init[1052]: Your identification has been saved in /etc/ssh/ssh_host_ed25519_key.
[   47.390107] cloud-init[1052]: Your public key has been saved in /etc/ssh/ssh_host_ed25519_key.pub.
[   47.390244] cloud-init[1052]: The key fingerprint is:
[   47.390384] cloud-init[1052]: SHA256:c5FzP2GegwlE36c+nyyDqT6AYYfe5bcaduP+nUtgPHk root@ubuntu-xenial
[   47.390543] cloud-init[1052]: The key's randomart image is:
[   47.390679] cloud-init[1052]: +--[ED25519 256]--+
[   47.390821] cloud-init[1052]: |         .o      |
[   47.390972] cloud-init[1052]: |         . o .   |
[   47.391108] cloud-init[1052]: |      .   = o + .|
[   47.391252] cloud-init[1052]: |     + . . =.*.= |
[   47.391393] cloud-init[1052]: |    o = S . o*BE |
[   47.391542] cloud-init[1052]: |     o o + ...+o |
[   47.391679] cloud-init[1052]: |        .o.o+ o. |
[   47.391822] cloud-init[1052]: |        ..++.o+oo|
[   47.391971] cloud-init[1052]: |        .+=o..o*o|
[   47.392260] cloud-init[1052]: +----[SHA256]-----+
[0;32m  OK  [0m] Reached target System Initialization.
[[0;32m  OK  [0m] Started ACPI Events Check.
         Starting Socket activation for snappy daemon.
[[0;32m  OK  [0m] Started Daily apt activities.
[[0;32m  OK  [0m] Listening on UUID daemon activation socket.
[[0;32m  OK  [0m] Started Daily Cleanup of Temporary Directories.
[[0;32m  OK  [0m] Started Trigger resolvconf update for networkd DNS.
[[0;32m  OK  [0m] Reached target Paths.
[[0;32m  OK  [0m] Listening on ACPID Listen Socket.
         Starting LXD - unix socket.
[[0;32m  OK  [0m] Started Timer to automatically refresh installed snaps.
[[0;32m  OK  [0m] Reached target Timers.
[[0;32m  OK  [0m] Listening on D-Bus System Message Bus Socket.
[[0;32m  OK  [0m] Listening on Socket activation for snappy daemon.
[[0;32m  OK  [0m] Listening on LXD - unix socket.
[[0;32m  OK  [0m] Started iSCSI initiator daemon (iscsid).
         Starting Login to default iSCSI targets...
[[0;32m  OK  [0m] Reached target Sockets.
[[0;32m  OK  [0m] Reached target Basic System.
[[0;32m  OK  [0m] Started ACPI event daemon.
         Starting LSB: MD monitoring daemon...
         Starting System Logging Service...
         Starting /etc/rc.local Compatibility...
[[0;32m  OK  [0m] Started D-Bus System Message Bus.
[[0;32m  OK  [0m] Started Snappy daemon.
         Starting LXD - container startup/shutdown...
         Starting Apply the settings specified in cloud-config...
         Starting Login Service...
[[0;32m  OK  [0m] Started FUSE filesystem for LXC.
         Starting Accounts Service...
         Starting LSB: Record successful boot for GRUB...
         Starting Pollinate to seed the pseudo random number generator...
[[0;32m  OK  [0m] Started Regular background program processing daemon.
[[0;32m  OK  [0m] Started Deferred execution scheduler.
         Starting Auto import assertions from block devices...
[[0;32m  OK  [0m] Started System Logging Service.
[[0;32m  OK  [0m] Started /etc/rc.local Compatibility.
[[0;32m  OK  [0m] Started Auto import assertions from block devices.
[[0;32m  OK  [0m] Started LXD - container startup/shutdown.
[[0;32m  OK  [0m] Started Login to default iSCSI targets.
[[0;32m  OK  [0m] Started LSB: Record successful boot for GRUB.
[[0;32m  OK  [0m] Started Login Service.
         Starting Authenticate and Authorize Users to Run Privileged Tasks...
[[0;32m  OK  [0m] Reached target Remote File Systems (Pre).
[[0;32m  OK  [0m] Reached target Remote File Systems.
         Starting LSB: VirtualBox Linux Additions...
         Starting LSB: daemon to balance interrupts for SMP systems...
         Starting LSB: Set the CPU Frequency Scaling governor to "ondemand"...
         Starting Permit User Sessions...
         Starting LSB: automatic crash report generation...
[[0;32m  OK  [0m] Started Permit User Sessions.
[   49.987330] [cloud-init[0;32m  OK  [0m[1168]: ] Generating locales (this might take a while)...Started Authenticate and Authorize Users to Run Privileged Tasks.

[[0;32m  OK  [0m] Started Accounts Service.
         Starting Terminate Plymouth Boot Screen...
         Starting Hold until boot process finishes up...
[[0;32m  OK  [0m] Started Pollinate to seed the pseudo random number generator.
[[0;32m  OK  [0m] Started LSB: VirtualBox Linux Additions.
[[0;32m  OK  [0m] Started LSB: daemon to balance interrupts for SMP systems.
[[0;32m  OK  [0m] Started LSB: Set the CPU Frequency Scaling governor to "ondemand".
[[0;32m  OK  [0m] Started Terminate Plymouth Boot Screen.
[[0;32m  OK  [0m] Started Hold until boot process finishes up.
[[0;32m  OK  [0m] Started Getty on tty1.
         Starting Set console scheme...
[[0;32m  OK  [0m] Started Serial Getty on ttyS0.
[[0;32m  OK  [0m] Reached target Login Prompts.
         Starting OpenBSD Secure Shell server...
[[0;32m  OK  [0m] Started OpenBSD Secure Shell server.
[[0;32m  OK  [0m] Started LSB: automatic crash report generation.
[[0;32m  OK  [0m] Started Set console scheme.
[   50.672701] cloud-init[1168]:   en_US.UTF-8... done
[   50.676032] cloud-init[1168]: Generation complete.
         Stopping OpenBSD Secure Shell server...
[[0;32m  OK  [0m] Stopped OpenBSD Secure Shell server.
         Starting OpenBSD Secure Shell server...
[[0;32m  OK  [0m] Started OpenBSD Secure Shell server.
[[0;32m  OK  [0m] Created slice User Slice of ubuntu.
         Starting User Manager for UID 1000...
[[0;32m  OK  [0m] Started User Manager for UID 1000.
[[0;32m  OK  [0m] Started Session 1 of user ubuntu.
[   51.039368] cloud-init[1168]: Cloud-init v. 0.7.9 running 'modules:config' at Wed, 22 Mar 2017 08:37:53 +0000. Up 49.89 seconds.
[[0;32m  OK  [0m] Started Apply the settings specified in cloud-config.
         Stopping User Manager for UID 1000...
[[0;32m  OK  [0m] Stopped User Manager for UID 1000.
[[0;32m  OK  [0m] Removed slice User Slice of ubuntu.
[[0;32m  OK  [0m] Created slice User Slice of ubuntu.
         Starting User Manager for UID 1000...
[[0;32m  OK  [0m] Started Session 2 of user ubuntu.
[[0;32m  OK  [0m] Started User Manager for UID 1000.

Ubuntu 16.04.2 LTS ubuntu-xenial ttyS0

ubuntu-xenial login: ci-info: +++++Authorized keys from /home/ubuntu/.ssh/authorized_keys for user ubuntu++++++
ci-info: +---------+-------------------------------------------------+---------+---------+
ci-info: | Keytype |                Fingerprint (md5)                | Options | Comment |
ci-info: +---------+-------------------------------------------------+---------+---------+
ci-info: | ssh-rsa | d9:07:3e:81:a3:f9:17:82:fc:2f:a1:f1:ba:6a:8d:a3 |    -    | vagrant |
ci-info: +---------+-------------------------------------------------+---------+---------+
<14>Mar 22 08:38:23 ec2: 
<14>Mar 22 08:38:23 ec2: #############################################################
<14>Mar 22 08:38:23 ec2: -----BEGIN SSH HOST KEY FINGERPRINTS-----
<14>Mar 22 08:38:23 ec2: 1024 SHA256:fMRFpaRsr2zZoDVeTyf/NvqTw2jjUEWJsekFkym6F6s root@ubuntu-xenial (DSA)
<14>Mar 22 08:38:23 ec2: 256 SHA256:BfXu6n2+LUc8S3KozkvDvzrkmq9JrOu8+bBsPUHMUJU root@ubuntu-xenial (ECDSA)
<14>Mar 22 08:38:23 ec2: 256 SHA256:c5FzP2GegwlE36c+nyyDqT6AYYfe5bcaduP+nUtgPHk root@ubuntu-xenial (ED25519)
<14>Mar 22 08:38:23 ec2: 2048 SHA256:favuQQuJD8rng+UQa3PbOYSz59+9TpnBHRQWC7xzQ7o root@ubuntu-xenial (RSA)
<14>Mar 22 08:38:23 ec2: -----END SSH HOST KEY FINGERPRINTS-----
<14>Mar 22 08:38:23 ec2: #############################################################
-----BEGIN SSH HOST KEY KEYS-----
ecdsa-sha2-nistp256 AAAAE2VjZHNhLXNoYTItbmlzdHAyNTYAAAAIbmlzdHAyNTYAAABBBIFQRn9J/8IIT3jMDGSJ/w3fg44HsuC/iwVXa2U/YKA6+aE8RC5hVMGkI+RRI54F0Srpnwai2MhgYYfbcrCool4= root@ubuntu-xenial
ssh-ed25519 AAAAC3NzaC1lZDI1NTE5AAAAIJbJCcj0Q9lVvst2Gz6TkqGZlHgVhwQYWoD2+J2GfrW8 root@ubuntu-xenial
ssh-rsa AAAAB3NzaC1yc2EAAAADAQABAAABAQC2NFDCkVkR24VDYRzB2YeXEErAxKK6/TKvhg+Xdw/Q+d5V1vasUKABX1Svvzl02TR4AvySBqnVZp7Gn2pSvgFhYReu1h7byDHyZiyRF/HgoRaKrDF5fp/AZ61lXk9/rpN+U7n/8+pXOUM9XdV/eXAioG/9y1ByeiGm5p1qKLlTpsSojQU6Roin7RUHA58UVpttQm59xSrIsJUvCs/j0+2oh82TYlt3WjZO3UHBaXr6Vt9RHMkLQLoUrR8R+iQcXCUf5tuynHHN24TABN98OwFQIBq4yf80a593LouGMsCW1NrKGIcGhD03PKSDccppV7G9umpjI1KvvFBSkVyJdAzt root@ubuntu-xenial
-----END SSH HOST KEY KEYS-----
[   80.446717] cloud-init[2448]: Cloud-init v. 0.7.9 running 'modules:final' at Wed, 22 Mar 2017 08:38:23 +0000. Up 80.30 seconds.
[   80.446859] cloud-init[2448]: Cloud-init v. 0.7.9 finished at Wed, 22 Mar 2017 08:38:23 +0000. Datasource DataSourceNoCloud [seed=/dev/sdb][dsmode=net].  Up 80.43 seconds
